
    exports[`app renders correctly 1`] = `
<View style={{flex: 1, backgroundColor: 'red'}}>
      <Text>Test</Text>
    </View>
    `
